BDD-3 / BDD-7 补充证据 — 三分片全量测试独立重跑（P6.5 judge 复核后补证）

原因：BDD-3/BDD-7 的 P1 原文验证命令要求的是三分片全量测试（agate/tests/unit/ +
regression/ + integration/ 全部跑绿），不是 TAG0035 新增用例的关键字过滤子集
（bdd-batch-a.log / bdd-batch-b.log 用的 `-k tag0035_bdd_N` 只覆盖 TAG0035 专属新增
测试函数，不构成"全量测试全绿"的证据）。本文件是三条命令各自独立、不带 -k 过滤、
不带 --tb=no 简化的完整重跑输出，用于补齐这一证据缺口。

=== 命令 1（对应 P1 BDD-3/BDD-7 验证命令第一段）===
timeout 90 python3 -m pytest agate/tests/unit/ -q -n auto
exit code: 0

--- 原始输出 ---
bringing up nodes...
bringing up nodes...

........................................................................ [  4%]
........................................................................ [  9%]
........................................................................ [ 14%]
....s.........s......................................................... [ 19%]
........................................................................ [ 23%]
........................................................................ [ 28%]
........................................................................ [ 33%]
........................................................................ [ 38%]
........................................................................ [ 42%]
........................................................................ [ 47%]
........................................................................ [ 52%]
........................................................................ [ 57%]
........................................................................ [ 62%]
........................................................................ [ 66%]
........................................................................ [ 71%]
........................................................................ [ 76%]
........................................................................ [ 81%]
........................................................................ [ 85%]
........................................................................ [ 90%]
........................................................................ [ 95%]
.....................................................................    [100%]
1507 passed, 2 skipped in 24.34s

=== 命令 2（对应 P1 BDD-3/BDD-7 验证命令第二段）===
timeout 90 python3 -m pytest agate/tests/regression/ -q -n auto
exit code: 0

--- 原始输出 ---
bringing up nodes...
bringing up nodes...

...............................                                          [100%]
31 passed in 1.05s

=== 命令 3（对应 P1 BDD-3/BDD-7 验证命令第三段）===
timeout 90 python3 -m pytest agate/tests/integration/ -q -n auto
exit code: 0

--- 原始输出 ---
bringing up nodes...

........................................................................ [ 75%]
........................                                                 [100%]
96 passed in 10.19s

=== 三分片汇总 ===
unit:        1507 passed, 2 skipped
regression:  31 passed
integration: 96 passed
合计:        1634 passed, 2 skipped, 0 failed（三条命令 exit code 均为 0）

核对：本次独立重跑数值与 P5-test-results/unit.md 记录的 P4 阶段基线
（1634 passed, 2 skipped, 0 failed）完全一致；三条命令均未使用 -k 过滤，
输出中无 "deselected" 字样，是真正的全量分片运行（而非 TAG0035 专属用例子集）。
