============================= test session starts ==============================
platform linux -- Python 3.12.3, pytest-9.0.3, pluggy-1.6.0 -- /usr/bin/python3
cachedir: .pytest_cache
rootdir: /home/kity/oclab/agateon/.worktrees/agate-TAG0035
configfile: pyproject.toml
plugins: xdist-3.8.0, asyncio-1.3.0, anyio-4.12.1, cov-7.1.0
asyncio: mode=Mode.STRICT, debug=False, asyncio_default_fixture_loop_scope=None, asyncio_default_test_loop_scope=function
collecting ... collected 352 items / 340 deselected / 12 selected

agate/tests/unit/test_check_gate.py::test_tag0035_bdd_1_unknown_phase_fail_closed_exit_1 PASSED [  8%]
agate/tests/unit/test_check_gate.py::test_tag0035_bdd_2_ci_backstop_exit_code_comparison_unaffected PASSED [ 16%]
agate/tests/unit/test_check_gate.py::test_tag0035_bdd_3_known_phase_not_routed_to_unknown_path[P0] PASSED [ 25%]
agate/tests/unit/test_check_gate.py::test_tag0035_bdd_3_known_phase_not_routed_to_unknown_path[P1] PASSED [ 33%]
agate/tests/unit/test_check_gate.py::test_tag0035_bdd_3_known_phase_not_routed_to_unknown_path[P2] PASSED [ 41%]
agate/tests/unit/test_check_gate.py::test_tag0035_bdd_3_known_phase_not_routed_to_unknown_path[P3] PASSED [ 50%]
agate/tests/unit/test_check_gate.py::test_tag0035_bdd_3_known_phase_not_routed_to_unknown_path[P4] PASSED [ 58%]
agate/tests/unit/test_check_gate.py::test_tag0035_bdd_3_known_phase_not_routed_to_unknown_path[P5] PASSED [ 66%]
agate/tests/unit/test_check_gate.py::test_tag0035_bdd_3_known_phase_not_routed_to_unknown_path[P6] PASSED [ 75%]
agate/tests/unit/test_check_gate.py::test_tag0035_bdd_3_known_phase_not_routed_to_unknown_path[P6.5] PASSED [ 83%]
agate/tests/unit/test_check_gate.py::test_tag0035_bdd_3_known_phase_not_routed_to_unknown_path[P7] PASSED [ 91%]
agate/tests/unit/test_check_gate.py::test_tag0035_bdd_3_known_phase_not_routed_to_unknown_path[P8] PASSED [100%]

====================== 12 passed, 340 deselected in 1.03s ======================
