# 零内核/范围类 BDD 逐条命令实证（基线 efb113b = git merge-base HEAD main；HEAD=e1ac29e）——P6 阶段重新执行，不引用 P5

##### BDD-3（check-gate.py 空 diff + 既有三测试文件未被改动且全绿）#####
$ git diff --exit-code efb113b HEAD -- agate/scripts/check-gate.py
EXIT_CODE: 0
工作树（含未提交）:
$ git diff --exit-code efb113b -- agate/scripts/check-gate.py
EXIT_CODE: 0
-- 既有三测试文件相对基线的 diff（空=未删除/未放宽任何断言）
$ git diff --stat efb113b -- agate/tests/unit/test_dispatch_orchestration.py agate/tests/unit/test_check_gate.py agate/tests/unit/test_agate_md_field_get.py
EXIT_CODE: 0
-- 三文件实跑
$ python3 -m pytest agate/tests/unit/test_dispatch_orchestration.py agate/tests/unit/test_check_gate.py agate/tests/unit/test_agate_md_field_get.py -p no:cacheprovider -q
........................................................................ [ 30%]
........................................................................ [ 60%]
........................................................................ [ 90%]
.......................                                                  [100%]
239 passed in 29.85s
EXIT_CODE: 0

##### BDD-5（DEBT 登记，且 check-gate.py 空 diff）#####
-- 基线上无此条目（grep 命中数）:
0
-- 本任务新增的 tech-debt.md diff:
diff --git a/agate-workspace/debt/tech-debt.md b/agate-workspace/debt/tech-debt.md
index 305a1e7..fd503ab 100644
--- a/agate-workspace/debt/tech-debt.md
+++ b/agate-workspace/debt/tech-debt.md
@@ -1485,3 +1485,29 @@ created_at: 2026-09-18
 task_id: TAG0035   # 由 TAG0035 复盘派生（PR #334 修测试侧，本 PR 补实现侧）
 ```
 
+## DEBT0043
+
+```yaml
+id: DEBT0043
+category: technical
+title: "check-gate.py::_gate_p2_dispatch_plan 对解析失败 / 非 dict / 缺字段 return None 静默放行（fail-open），与 TAG0035 子批 A 同类"
+status: open
+priority: low
+evidence:
+  - path: agate/scripts/check-gate.py
+    note: "实测 _gate_p2_dispatch_plan（def 在 767 行，TAG0035 前为 743 行）三处 return None 静默放行：769-770 行 `if not raw: return None`（缺 dispatch_plan 字段/坏 frontmatter）；772-774 行 `except ValueError: return None`（json.loads 失败）；775-776 行 `if not isinstance(plan, dict): return None`。调用点 919-922 行仅在返回非空错误串时 exit 1，None 一律视为无问题——P2 声明了 dispatch_plan 但 JSON 写坏时 gate 不报错，校验被整体跳过"
+  - ref: agate-workspace/tasks/TAG0036-mvwu-pilot/P1-requirements.md
+    note: "BDD-5 / P0 发现：同类 fail-open 只此一处；其余 gate 函数的 fail-open 属 TAG0035 已处理范围。判断依据：`grep -n \"_gate_p2_dispatch_plan\\|dispatch_plan\" agate-workspace/debt/tech-debt.md` 在本条登记前无相关条目"
+  - ref: agate-workspace/tasks/TAG0035-gate-robustness/retrospective.md
+    note: "TAG0035 子批 A 收口的同类 fail-open（gate 解析失败静默放行）；该批未覆盖 _gate_p2_dispatch_plan，仅致其行号 743→767"
+impact: "dispatch_plan 是 P4 批编排的机器字段，写坏（如 JSON 语法错误、顶层非对象）时 P2 gate 不拒绝、也不告警，mode / parallel_limit / batches 校验形同虚设；MVWU 观测器（check-mvwu.py）读同一字段，坏字段下只能给 UNKNOWN 而非在 P2 就被拦下"
+recommendation: "本任务（TAG0036）只登记、不修——零内核硬约束。后续修复向：字段存在但 JSON 解析失败 / 非 dict 时返回错误串（fail-closed，exit 1）；仅「字段确实缺失」保持 return None（向后兼容不声明 dispatch_plan 的任务）；补对应红灯用例"
+closure_criteria:
+  - "dispatch_plan 字段存在但 json.loads 失败或非 dict 时，check-gate.py P2 返回非零并给出明确错误信息"
+  - "字段缺失（未声明 dispatch_plan）仍按向后兼容放行，并有回归用例锁定两种行为"
+  - "全量 pytest 全绿 + consistency 0 ERROR"
+source: review
+created_at: 2026-09-19
+task_id: null   # 待立项；由 TAG0036 P0/P1 发现并登记，不在本任务修复
+```
+
$ python3 agate/scripts/check-debt.py agate-workspace/debt/tech-debt.md
EXIT_CODE: 0

##### BDD-9（agate-frontmatter-check.py 与 check-structure-consistency.py 空 diff）#####
$ git diff --exit-code efb113b HEAD -- agate/scripts/agate-frontmatter-check.py agate/scripts/check-structure-consistency.py
EXIT_CODE: 0

##### BDD-12（证据落点不改 gate/hook/审计/judge 登记面）#####
$ git diff --exit-code efb113b HEAD -- agate/scripts/pre-commit-gate.py agate/scripts/agate-archive-stale-outputs.py agate/scripts/check-p6-provenance.py agate/scripts/check-judge-verdict.py agate/assets/review-roles/judge.md
EXIT_CODE: 0
$ git diff --exit-code efb113b HEAD -- agate/dispatch-protocol.md
EXIT_CODE: 0
-- grep -rn P4-evidence agate/rules/ （期望 0 命中）
grep_exit=1 (1=0 命中)

##### BDD-67（零协议内核改动：P1 BDD-67 全部 16 条路径）#####
路径清单: agate/scripts/check-gate.py agate/rules/phases.yaml agate/rules/schema agate/scripts/pre-commit-gate.py agate/scripts/pre-commit-gate.sh agate/scripts/commit-msg-self-gate.py agate/scripts/commit-msg-self-gate.sh agate/scripts/pre-push-gate.py agate/scripts/pre-push-gate.sh agate/scripts/check-state-yaml.py agate/scripts/agate-state-yaml-check.py agate/scripts/check-state-transition.py agate/scripts/check-events.py agate/scripts/agate_common.py agate/scripts/check-p6-provenance.py agate/scripts/check-judge-verdict.py
$ git diff --exit-code efb113b HEAD -- agate/scripts/check-gate.py agate/rules/phases.yaml agate/rules/schema agate/scripts/pre-commit-gate.py agate/scripts/pre-commit-gate.sh agate/scripts/commit-msg-self-gate.py agate/scripts/commit-msg-self-gate.sh agate/scripts/pre-push-gate.py agate/scripts/pre-push-gate.sh agate/scripts/check-state-yaml.py agate/scripts/agate-state-yaml-check.py agate/scripts/check-state-transition.py agate/scripts/check-events.py agate/scripts/agate_common.py agate/scripts/check-p6-provenance.py agate/scripts/check-judge-verdict.py
EXIT_CODE: 0
工作树:
$ git diff --exit-code efb113b -- agate/scripts/check-gate.py agate/rules/phases.yaml agate/rules/schema agate/scripts/pre-commit-gate.py agate/scripts/pre-commit-gate.sh agate/scripts/commit-msg-self-gate.py agate/scripts/commit-msg-self-gate.sh agate/scripts/pre-push-gate.py agate/scripts/pre-push-gate.sh agate/scripts/check-state-yaml.py agate/scripts/agate-state-yaml-check.py agate/scripts/check-state-transition.py agate/scripts/check-events.py agate/scripts/agate_common.py agate/scripts/check-p6-provenance.py agate/scripts/check-judge-verdict.py
EXIT_CODE: 0
-- 16 条路径全部存在（防漏项）:
  exists agate/scripts/check-gate.py
  exists agate/rules/phases.yaml
  exists agate/rules/schema
  exists agate/scripts/pre-commit-gate.py
  exists agate/scripts/pre-commit-gate.sh
  exists agate/scripts/commit-msg-self-gate.py
  exists agate/scripts/commit-msg-self-gate.sh
  exists agate/scripts/pre-push-gate.py
  exists agate/scripts/pre-push-gate.sh
  exists agate/scripts/check-state-yaml.py
  exists agate/scripts/agate-state-yaml-check.py
  exists agate/scripts/check-state-transition.py
  exists agate/scripts/check-events.py
  exists agate/scripts/agate_common.py
  exists agate/scripts/check-p6-provenance.py
  exists agate/scripts/check-judge-verdict.py

##### BDD-68（① 不挂 gate；② 不改历史任务产物）#####
$ grep -rn 'check-mvwu' agate/rules agate/scripts/check-gate.py agate/scripts/pre-commit-gate.py agate/scripts/ci-gate-backstop.py agate/scripts/agate-summary.py .github/
grep_exit=1 (1=0 命中; 2=有路径不存在)
-- 上述各路径存在性:
  exists agate/rules
  exists agate/scripts/check-gate.py
  exists agate/scripts/pre-commit-gate.py
  exists agate/scripts/ci-gate-backstop.py
  exists agate/scripts/agate-summary.py
  exists .github/
$ git diff efb113b --stat -- 'agate-workspace/tasks/TAG00[0-2]*' 'agate-workspace/tasks/TAG003[0-5]*'
(输出为空即通过) exit=0
$ git diff efb113b --name-only -- 'agate-workspace/tasks/TAG00[0-2]*' 'agate-workspace/tasks/TAG003[0-5]*' | wc -l
0

##### BDD-70 子项：未新增/修改 .sh 文件 #####
$ git diff efb113b --name-only | grep '\.sh$'
grep_exit=1 (1=无 .sh 改动)

##### 本任务相对基线的全部改动文件（agate/ 之外的写入面一并核对）#####
 CHANGELOG.md                                |   15 +-
 HANDOFF-TAG0036.md                          |  174 +++++
 agate-workspace/debt/tech-debt.md           |   26 +
 agate/CONTEXT.md                            |    5 +
 agate/adr.md                                |    6 +
 agate/assets/execution-roles/architect.md   |   34 +
 agate/assets/templates/task-files.md        |    2 +
 agate/phase-cards/P2-design.md              |   46 ++
 agate/phase-cards/P4-implementation.md      |   18 +
 agate/phase-cards/P7-consistency.md         |    1 +
 agate/role-system.md                        |   14 +
 agate/scripts/README.md                     |    1 +
 agate/scripts/check-mvwu.py                 |  484 ++++++++++++
 agate/scripts/check-protocol-consistency.py |    1 +
 agate/tests/README.md                       |    2 +
 agate/tests/unit/test_check_mvwu.py         | 1104 +++++++++++++++++++++++++++
 agate/tests/unit/test_mvwu_protocol_docs.py |  939 +++++++++++++++++++++++
 17 files changed, 2871 insertions(+), 1 deletion(-)
