# 文档类 BDD-60 证据：role-system.md 新增审查锚点节（P6 阶段实跑；只验成文到位，不断言机制已生效）
节标题行: 205:## 审查锚点：角色文件是否浅化接口（Deep Modules，TAG0036）  范围 行 205-218
  [FOUND] 字面「审查锚点」 (agate/role-system.md 行 205-218):
      agate/role-system.md:205: ## 审查锚点：角色文件是否浅化接口（Deep Modules，TAG0036）
  [FOUND] 字面「角色文件」 (agate/role-system.md 行 205-218):
      agate/role-system.md:205: ## 审查锚点：角色文件是否浅化接口（Deep Modules，TAG0036）
      agate/role-system.md:207: **审查对象**：角色文件（`assets/execution-roles/`、`assets/review-roles/`）与阶段卡片（`phase-cards/`）。
      agate/role-system.md:209: **核心问题**：是否把"实现细节"写进了"接口"——即**浅化**。一个深的模块用窄接口隐藏丰富实现；角色文件的"接口"是它对调用方承诺的输入、输出与判据，"实现"是子 Agent 自主完成的做法。把做法写进接口，接口就变浅：调用方被迫理解细节，子 Agent 失去自主决定实现的空间。
  [FOUND] 字面「阶段卡片」 (agate/role-system.md 行 205-218):
      agate/role-system.md:207: **审查对象**：角色文件（`assets/execution-roles/`、`assets/review-roles/`）与阶段卡片（`phase-cards/`）。
      agate/role-system.md:211: **判据**：审查角色文件或阶段卡片时问——是否规定了"第 1 步做 A、第 2 步做 B"式**执行顺序**？协议哲学是给**资源地图**（去哪里找上下文、读哪些文件）加**判据**（做到什么算完成），不给步骤脚本。出现执行顺序脚本即视为浅化信号，审查意见应建议改写为"资源地图 + 判据"。固定的流程性动作（如按序落盘、先红后绿）若属阶段间的协议约束而非某角色的实现做法，不在此列。
  [FOUND] 字面「浅化」 (agate/role-system.md 行 205-218):
      agate/role-system.md:205: ## 审查锚点：角色文件是否浅化接口（Deep Modules，TAG0036）
      agate/role-system.md:209: **核心问题**：是否把"实现细节"写进了"接口"——即**浅化**。一个深的模块用窄接口隐藏丰富实现；角色文件的"接口"是它对调用方承诺的输入、输出与判据，"实现"是子 Agent 自主完成的做法。把做法写进接口，接口就变浅：调用方被迫理解细节，子 Agent 失去自主决定实现的空间。
      agate/role-system.md:211: **判据**：审查角色文件或阶段卡片时问——是否规定了"第 1 步做 A、第 2 步做 B"式**执行顺序**？协议哲学是给**资源地图**（去哪里找上下文、读哪些文件）加**判据**（做到什么算完成），不给步骤脚本。出现执行顺序脚本即视为浅化信号，审查意见应建议改写为"资源地图 + 判据"。固定的流程性动作（如按序落盘、先红后绿）若属阶段间的协议约束而非某角色的实现做法，不在此列。
  [FOUND] 字面「执行顺序」 (agate/role-system.md 行 205-218):
      agate/role-system.md:211: **判据**：审查角色文件或阶段卡片时问——是否规定了"第 1 步做 A、第 2 步做 B"式**执行顺序**？协议哲学是给**资源地图**（去哪里找上下文、读哪些文件）加**判据**（做到什么算完成），不给步骤脚本。出现执行顺序脚本即视为浅化信号，审查意见应建议改写为"资源地图 + 判据"。固定的流程性动作（如按序落盘、先红后绿）若属阶段间的协议约束而非某角色的实现做法，不在此列。
  [FOUND] 字面「资源地图」 (agate/role-system.md 行 205-218):
      agate/role-system.md:211: **判据**：审查角色文件或阶段卡片时问——是否规定了"第 1 步做 A、第 2 步做 B"式**执行顺序**？协议哲学是给**资源地图**（去哪里找上下文、读哪些文件）加**判据**（做到什么算完成），不给步骤脚本。出现执行顺序脚本即视为浅化信号，审查意见应建议改写为"资源地图 + 判据"。固定的流程性动作（如按序落盘、先红后绿）若属阶段间的协议约束而非某角色的实现做法，不在此列。
  [FOUND] 字面「正交」 (agate/role-system.md 行 205-218):
      agate/role-system.md:213: **与批切分判据的关系**：本锚点关注"单个角色文件/卡片的接口深浅"，与 `architect.md` 中的批切分判据（关注"批如何切"）**正交**，不可互相替代——批切得好不代表角色文件没有浅化，反之亦然。
  [FOUND] 字面「不可互相替代」 (agate/role-system.md 行 205-218):
      agate/role-system.md:213: **与批切分判据的关系**：本锚点关注"单个角色文件/卡片的接口深浅"，与 `architect.md` 中的批切分判据（关注"批如何切"）**正交**，不可互相替代——批切得好不代表角色文件没有浅化，反之亦然。
-- 节内含“已生效/已验证生效”字样行数（期望 0）: 0
-- 全文件新增行中含“已生效/已验证生效”行数（期望 0）: 0
-- 节内“范围声明”原文（只成文，不宣称生效）:
**范围声明**：本节仅为审查视角的成文，不改动既有角色文件的行为约定，也不新增机械检查；其实际效果尚未做任何验证，不作有效性宣称。
$ git diff efb113b --numstat -- agate/role-system.md   (added removed)
14	0	agate/role-system.md
$ git diff --exit-code efb113b -- agate/assets/execution-roles ':(exclude)agate/assets/execution-roles/architect.md'   (除 architect.md 外的执行角色文件，期望空)
EXIT_CODE: 0
