# 文档类 BDD-65 证据：adr.md 头部复审触发条件（P6 阶段实跑）
首个 '## ADR-' 行号=14 ; 新增节「## 复审触发条件」行号=6 (须在首个 ADR 之前)
# agate 架构决策记录（ADR）

> 本文件记录 agate 协议的核心架构决策：做了什么决定、为什么、有什么后果。
> 审查员在 A7（设计原则一致性）审查时引用本文件。

## 复审触发条件（过时不删）

- 某 ADR 的前提被后续变更证伪时，须在该 ADR 处**就地标注「已过时 + 被什么取代」**（指向取代它的 ADR 或变更），**不删除**——保留决策史，让后来者看清"当时为何如此、后来为何不再如此"。
- 复审时机：① 每次新增 ADR 时，顺带复核相关旧 ADR 的前提是否仍成立；② P7 一致性检查阶段，核对本任务的变更是否证伪了某条既有决策。
- 复审是人工判断与就地标注，不设自动失效或阻断流程的机制。

---

-- 字面核对（头部 1-13）:
  [FOUND] 字面「复审」 (agate/adr.md 行 1-13):
      agate/adr.md:6: ## 复审触发条件（过时不删）
      agate/adr.md:9: - 复审时机：① 每次新增 ADR 时，顺带复核相关旧 ADR 的前提是否仍成立；② P7 一致性检查阶段，核对本任务的变更是否证伪了某条既有决策。
      agate/adr.md:10: - 复审是人工判断与就地标注，不设自动失效或阻断流程的机制。
  [FOUND] 字面「已过时」 (agate/adr.md 行 1-13):
      agate/adr.md:8: - 某 ADR 的前提被后续变更证伪时，须在该 ADR 处**就地标注「已过时 + 被什么取代」**（指向取代它的 ADR 或变更），**不删除**——保留决策史，让后来者看清"当时为何如此、后来为何不再如此"。
  [FOUND] 字面「被什么取代」 (agate/adr.md 行 1-13):
      agate/adr.md:8: - 某 ADR 的前提被后续变更证伪时，须在该 ADR 处**就地标注「已过时 + 被什么取代」**（指向取代它的 ADR 或变更），**不删除**——保留决策史，让后来者看清"当时为何如此、后来为何不再如此"。
  [FOUND] 字面「不删除」 (agate/adr.md 行 1-13):
      agate/adr.md:8: - 某 ADR 的前提被后续变更证伪时，须在该 ADR 处**就地标注「已过时 + 被什么取代」**（指向取代它的 ADR 或变更），**不删除**——保留决策史，让后来者看清"当时为何如此、后来为何不再如此"。
  [FOUND] 字面「每次新增 ADR 时」 (agate/adr.md 行 1-13):
      agate/adr.md:9: - 复审时机：① 每次新增 ADR 时，顺带复核相关旧 ADR 的前提是否仍成立；② P7 一致性检查阶段，核对本任务的变更是否证伪了某条既有决策。
  [FOUND] 字面「P7 一致性检查阶段」 (agate/adr.md 行 1-13):
      agate/adr.md:9: - 复审时机：① 每次新增 ADR 时，顺带复核相关旧 ADR 的前提是否仍成立；② P7 一致性检查阶段，核对本任务的变更是否证伪了某条既有决策。
  [FOUND] 字面「就地标注」 (agate/adr.md 行 1-13):
      agate/adr.md:8: - 某 ADR 的前提被后续变更证伪时，须在该 ADR 处**就地标注「已过时 + 被什么取代」**（指向取代它的 ADR 或变更），**不删除**——保留决策史，让后来者看清"当时为何如此、后来为何不再如此"。
      agate/adr.md:10: - 复审是人工判断与就地标注，不设自动失效或阻断流程的机制。
-- 不含自动过期/强制复审 gate 表述（头部内命中 '强制复审|自动过期|gate 拦截' 行数，期望 0）: 0
-- 头部原文“不设自动失效或阻断流程的机制”为否定式声明:
- 复审是人工判断与就地标注，不设自动失效或阻断流程的机制。
$ git diff efb113b -- agate/adr.md   # 期望零删除行
diff --git a/agate/adr.md b/agate/adr.md
index a609abf..be4a376 100644
--- a/agate/adr.md
+++ b/agate/adr.md
@@ -3,6 +3,12 @@
 > 本文件记录 agate 协议的核心架构决策：做了什么决定、为什么、有什么后果。
 > 审查员在 A7（设计原则一致性）审查时引用本文件。
 
+## 复审触发条件（过时不删）
+
+- 某 ADR 的前提被后续变更证伪时，须在该 ADR 处**就地标注「已过时 + 被什么取代」**（指向取代它的 ADR 或变更），**不删除**——保留决策史，让后来者看清"当时为何如此、后来为何不再如此"。
+- 复审时机：① 每次新增 ADR 时，顺带复核相关旧 ADR 的前提是否仍成立；② P7 一致性检查阶段，核对本任务的变更是否证伪了某条既有决策。
+- 复审是人工判断与就地标注，不设自动失效或阻断流程的机制。
+
 ---
 
 ## ADR-001: 隔离性——主 Agent 不写产出
删除/修改行数: 0 ; 新增行数: 4
$ git diff efb113b --numstat -- agate/adr.md
6	0	agate/adr.md
-- ADR 数（基线/现行）: 13 / 13
