# BDD-69/70 全量 pytest（CI 口径，P6 阶段重跑；附 -p no:cacheprovider 以免在仓库产生 .pytest_cache）
# COMMAND: timeout 900 python3 -m pytest agate/tests/ --reruns 1 -n auto -p no:cacheprovider
# 开始: 2026-09-19T18:21:10+08:00
============================= test session starts ==============================
platform linux -- Python 3.12.3, pytest-9.0.3, pluggy-1.6.0
rootdir: /home/kity/oclab/agateon/.worktrees/agate-TAG0036
configfile: pyproject.toml
plugins: xdist-3.8.0, asyncio-1.3.0, rerunfailures-16.7, anyio-4.12.1, cov-7.1.0
asyncio: mode=Mode.STRICT, debug=False, asyncio_default_fixture_loop_scope=None, asyncio_default_test_loop_scope=function
created: 8/8 workers
8 workers [1844 items]

........................................................................ [  3%]
........................................................................ [  7%]
........................................................................ [ 11%]
...........................s...........s................................ [ 15%]
........................................................................ [ 19%]
........................................................................ [ 23%]
........................................................................ [ 27%]
........................................................................ [ 31%]
........................................................................ [ 35%]
........................................................................ [ 39%]
........................................................................ [ 42%]
........................................................................ [ 46%]
........................................................................ [ 50%]
........................................................................ [ 54%]
........................................................................ [ 58%]
........................................................................ [ 62%]
........................................................................ [ 66%]
........................................................................ [ 70%]
........................................................................ [ 74%]
........................................................................ [ 78%]
........................................................................ [ 81%]
........................................................................ [ 85%]
........................................................................ [ 89%]
........................................................................ [ 93%]
........................................................................ [ 97%]
............................................                             [100%]
======================= 1842 passed, 2 skipped in 40.56s =======================
# 结束: 2026-09-19T18:21:46+08:00
EXIT_CODE: 0
