# BDD-37 independent scan (git ls-tree/show, not importing the test): baseline 75a8102 vs HEAD. script: cmd-scripts/scan37.py
=== 75a8102 (75a8102): scanned 556 files; files with any hit: 23
  [R      ] AGENTS.md  counts(use_legacy,legacy-symlink/layout,单软链,软链兜底)=[0, 0, 1, 0]
  [W      ] CHANGELOG.md  counts(use_legacy,legacy-symlink/layout,单软链,软链兜底)=[0, 6, 5, 2]
  [R      ] README.md  counts(use_legacy,legacy-symlink/layout,单软链,软链兜底)=[0, 1, 0, 0]
  [R      ] README.zh-CN.md  counts(use_legacy,legacy-symlink/layout,单软链,软链兜底)=[0, 1, 0, 0]
  [W      ] agate-workspace/debt/tech-debt.md  counts(use_legacy,legacy-symlink/layout,单软链,软链兜底)=[1, 3, 0, 0]
  [R      ] agate/AGENTS.md  counts(use_legacy,legacy-symlink/layout,单软链,软链兜底)=[0, 0, 2, 0]
  [R      ] agate/SETUP.md  counts(use_legacy,legacy-symlink/layout,单软链,软链兜底)=[0, 1, 3, 0]
  [W      ] agate/UPGRADING.md  counts(use_legacy,legacy-symlink/layout,单软链,软链兜底)=[0, 6, 4, 2]
  [R      ] agate/WORKFLOW.md  counts(use_legacy,legacy-symlink/layout,单软链,软链兜底)=[0, 0, 1, 0]
  [W      ] agate/adr.md  counts(use_legacy,legacy-symlink/layout,单软链,软链兜底)=[0, 2, 4, 2]
  [R      ] agate/orchestrator-template.md  counts(use_legacy,legacy-symlink/layout,单软链,软链兜底)=[0, 0, 1, 0]
  [R      ] agate/platform-notes.md  counts(use_legacy,legacy-symlink/layout,单软链,软链兜底)=[0, 0, 1, 0]
  [R      ] agate/scripts/README.md  counts(use_legacy,legacy-symlink/layout,单软链,软链兜底)=[0, 1, 0, 1]
  [W      ] agate/scripts/agate-install.py  counts(use_legacy,legacy-symlink/layout,单软链,软链兜底)=[0, 3, 0, 0]
  [W      ] agate/scripts/agate-resolve.py  counts(use_legacy,legacy-symlink/layout,单软链,软链兜底)=[0, 1, 0, 1]
  [W      ] agate/scripts/agate-summary.py  counts(use_legacy,legacy-symlink/layout,单软链,软链兜底)=[0, 0, 1, 0]
  [W      ] agate/scripts/agate_common.py  counts(use_legacy,legacy-symlink/layout,单软链,软链兜底)=[4, 5, 0, 4]
  [W      ] agate/tests/unit/test_agate_version_install.py  counts(use_legacy,legacy-symlink/layout,单软链,软链兜底)=[0, 11, 0, 0]
  [W      ] agate/tests/unit/test_agate_version_resolve.py  counts(use_legacy,legacy-symlink/layout,单软链,软链兜底)=[0, 9, 0, 4]
  [R      ] agate/tests/unit/test_dsh_preset.py  counts(use_legacy,legacy-symlink/layout,单软链,软链兜底)=[0, 0, 1, 0]
  [R      ] docs/guides/project-map.md  counts(use_legacy,legacy-symlink/layout,单软链,软链兜底)=[0, 0, 1, 0]
  [R      ] docs/guides/worktree-dogfooding-guide.md  counts(use_legacy,legacy-symlink/layout,单软链,软链兜底)=[0, 2, 3, 0]
  [W      ] install.sh  counts(use_legacy,legacy-symlink/layout,单软链,软链兜底)=[0, 2, 3, 0]
  use_legacy hit files: ['agate-workspace/debt/tech-debt.md', 'agate/scripts/agate_common.py']
  R-set files still hit: 12 ['AGENTS.md', 'README.md', 'README.zh-CN.md', 'agate/AGENTS.md', 'agate/SETUP.md', 'agate/WORKFLOW.md', 'agate/orchestrator-template.md', 'agate/platform-notes.md', 'agate/scripts/README.md', 'agate/tests/unit/test_dsh_preset.py', 'docs/guides/project-map.md', 'docs/guides/worktree-dogfooding-guide.md']
  hit files not in W (excluding R): []
  baseline hit count = 23 (P1 expects 23)
=== HEAD (043181d): scanned 573 files; files with any hit: 8
  [W      ] CHANGELOG.md  counts(use_legacy,legacy-symlink/layout,单软链,软链兜底)=[0, 7, 6, 2]
  [W      ] agate-workspace/debt/tech-debt.md  counts(use_legacy,legacy-symlink/layout,单软链,软链兜底)=[1, 3, 0, 0]
  [W      ] agate/UPGRADING.md  counts(use_legacy,legacy-symlink/layout,单软链,软链兜底)=[0, 4, 3, 2]
  [W      ] agate/adr.md  counts(use_legacy,legacy-symlink/layout,单软链,软链兜底)=[0, 2, 5, 3]
  [W      ] agate/scripts/agate_common.py  counts(use_legacy,legacy-symlink/layout,单软链,软链兜底)=[0, 1, 0, 1]
  [W      ] agate/tests/unit/test_agate_version_install.py  counts(use_legacy,legacy-symlink/layout,单软链,软链兜底)=[0, 11, 0, 0]
  [W      ] agate/tests/unit/test_agate_version_resolve.py  counts(use_legacy,legacy-symlink/layout,单软链,软链兜底)=[0, 3, 0, 4]
  [W      ] install.sh  counts(use_legacy,legacy-symlink/layout,单软链,软链兜底)=[0, 0, 1, 0]
  use_legacy hit files: ['agate-workspace/debt/tech-debt.md']
  R-set files still hit: 0 []
  hit files not in W (excluding R): []
  VERDICT HEAD: PASS (use_legacy only in closed-debt narrative; R cleared; all hits within W)
=== original P0 grep on HEAD tracked files (in scope) outside W: 'use_legacy|legacy 软链布局'
  residue files outside W: []
EXIT_CODE: 0
