bringing up nodes...
bringing up nodes...

........................................................................ [  4%]
........................................................................ [  9%]
.........s.........s.................................................... [ 14%]
........................................................................ [ 19%]
........................................................................ [ 24%]
........................................................................ [ 29%]
........................................................................ [ 33%]
........................................................................ [ 38%]
........................................................................ [ 43%]
........................................................................ [ 48%]
........................................................................ [ 53%]
........................................................................ [ 58%]
........................................................................ [ 62%]
........................................................................ [ 67%]
........................................................................ [ 72%]
........................................................................ [ 77%]
........................................................................ [ 82%]
........................................................................ [ 87%]
........................................................................ [ 92%]
........................................................................ [ 96%]
..............................................                           [100%]
1484 passed, 2 skipped in 33.87s
EXIT_CODE: 0
